13:22:42 **** Incremental Build of configuration Debug for project drone_testi ****
make -j8 all 
arm-none-eabi-gcc "../Core/Src/main.c" -mcpu=cortex-m4 -std=gnu11 -g3 -DDEBUG -DUSE_HAL_DRIVER -DSTM32F407xx -c -I../USB_HOST/App -I../USB_HOST/Target -I../Core/Inc -I../Drivers/STM32F4xx_HAL_Driver/Inc -I../Drivers/STM32F4xx_HAL_Driver/Inc/Legacy -I../Middlewares/ST/STM32_USB_Host_Library/Core/Inc -I../Middlewares/ST/STM32_USB_Host_Library/Class/CDC/Inc -I../Drivers/CMSIS/Device/ST/STM32F4xx/Include -I../Drivers/CMSIS/Include -I"C:/Users/pyryl/Documents/DroneSTM/drone_testi/User" -I"C:/Users/pyryl/Documents/DroneSTM/drone_testi/User/Inc" -O0 -ffunction-sections -fdata-sections -Wall -fstack-usage -fcyclomatic-complexity -MMD -MP -MF"Core/Src/main.d" -MT"Core/Src/main.o" --specs=nano.specs -mfpu=fpv4-sp-d16 -mfloat-abi=hard -mthumb -o "Core/Src/main.o"
arm-none-eabi-gcc -o "drone_testi.elf" @"objects.list"   -mcpu=cortex-m4 -T"C:\Users\pyryl\Documents\DroneSTM\drone_testi\STM32F407VGTX_FLASH.ld" --specs=nosys.specs -Wl,-Map="drone_testi.map" -Wl,--gc-sections -static --specs=nano.specs -mfpu=fpv4-sp-d16 -mfloat-abi=hard -mthumb -Wl,--start-group -lc -lm -Wl,--end-group
Finished building target: drone_testi.elf
 
arm-none-eabi-size  drone_testi.elf 
arm-none-eabi-objdump -h -S drone_testi.elf  > "drone_testi.list"
   text	   data	    bss	    dec	    hex	filename
  35656	    124	   4124	  39904	   9be0	drone_testi.elf
Finished building: default.size.stdout
 
Finished building: drone_testi.list
 
13:23:05 **** Incremental Build of configuration Debug for project drone_testi ****
make -j8 all 
arm-none-eabi-size  drone_testi.elf 
   text	   data	    bss	    dec	    hex	filename
  35656	    124	   4124	  39904	   9be0	drone_testi.elf
Finished building: default.size.stdout
 
